// Jest Snapshot v1, https://goo.gl/fbAQLP

exports[`List.vue/List mounts the component and creates a snapshot inside the __snapshots__ folder 1`] = `"<div class=\\"list-component\\"></div>"`;
