// Jest Snapshot v1, https://goo.gl/fbAQLP

exports[`Summary.vue/Summary mounts the component and creates a snapshot inside the __snapshots__ folder 1`] = `
"<div class=\\"summary-component\\">
  <div class=\\"summary-component-wrapper\\">
    <div class=\\"summary-component-container\\">
      <h3>Resumen del pedido</h3>
      <div class=\\"summary-component-summary-container\\">
        <div>Total productos IVA Incluido</div>
        <div>NaN</div>
      </div>
      <div class=\\"summary-component-summary-container\\">
        <div>Total de envio (imp.excl)</div>
        <div>

        </div>
      </div>
      <div class=\\"summary-component-summary-container\\">
        <div>Total sin IVA:</div>
        <div>
          NaN
        </div>
      </div>
      <div class=\\"summary-component-summary-container\\">
        <div>Total de impuestos:</div>
        <div>NaN</div>
      </div>
      <div class=\\"summary-component-summary-container\\">
        <div class=\\"divider\\"><b>Total a pagar</b></div>
        <div><b>NaN</b></div>
      </div>
    </div>
    <div class=\\"summary-component-container\\">
      <div class=\\"summary-component-summary-container\\">
        <form action=\\"/action_page.php\\">
          <div class=\\"summary-component-account-container\\"><label>Algun descuento? </label><br> <input></div>
        </form>
      </div>
    </div>
  </div>
  <div class=\\"summary-component-container\\">
    <h3>Crea tu cuenta</h3>
    <form action=\\"/action_page.php\\">
      <div class=\\"summary-component-account-container\\"><label>Nombre:</label><br> <input></div>
      <div class=\\"summary-component-account-container\\"><label>Apellido:</label><br> <input></div>
      <div class=\\"summary-component-account-container\\"><label>Correo electronico:</label><br> <input></div>
      <div class=\\"summary-component-account-container\\"><label>Contrasena:</label><br> <input></div>
    </form>
  </div>
</div>"
`;
